// Jest Snapshot v1, https://goo.gl/fbAQLP

exports[`should render Expense List Item 1`] = `
<div>
  <h1>
    404!
  </h1>
  <Link
    to="/"
  >
    Go Home
  </Link>
</div>
`;
